gfortran -I. -O3 -march=native -Jbuild/mod -Ibuild/mod -c -o build/obj/src/macros/precision_mod.o src/macros/precision_mod.f90
gfortran -I. -O3 -march=native -Jbuild/mod -Ibuild/mod -c -o build/obj/src/macros/constants_mod.o src/macros/constants_mod.f90
gfortran -I. -O3 -march=native -Jbuild/mod -Ibuild/mod -c -o build/obj/src/macros/grid_config_mod.o src/macros/grid_config_mod.f90
gfortran -I. -O3 -march=native -Jbuild/mod -Ibuild/mod -c -o build/obj/src/numerics/ad_mod.o src/numerics/ad_mod.f90
gfortran -I. -O3 -march=native -Jbuild/mod -Ibuild/mod -c -o build/obj/src/numerics/nag_compat_mod.o src/numerics/nag_compat_mod.f90
gfortran -I. -O3 -march=native -Jbuild/mod -Ibuild/mod -c -o build/obj/src/numerics/brent_mod.o src/numerics/brent_mod.f90
gfortran -I. -O3 -march=native -Jbuild/mod -Ibuild/mod -c -o build/obj/src/numerics/cheb_mod.o src/numerics/cheb_mod.f90
gfortran -I. -O3 -march=native -Jbuild/mod -Ibuild/mod -c -o build/obj/src/numerics/spline_mod.o src/numerics/spline_mod.f90
gfortran -I. -O3 -march=native -Jbuild/mod -Ibuild/mod -c -o build/obj/src/numerics/spectral_hub_mod.o src/numerics/spectral_hub_mod.f90
gfortran -I. -O3 -march=native -Jbuild/mod -Ibuild/mod -c -o build/obj/src/diagnostics/donutization_mod.o src/diagnostics/donutization_mod.f90
gfortran -I. -O3 -march=native -Jbuild/mod -Ibuild/mod -c -o build/obj/src/para_panel.o src/para_panel.f90
gfortran -I. -O3 -march=native -Jbuild/mod -Ibuild/mod -c -o build/obj/src/theory/relaxation_mod.o src/theory/relaxation_mod.f90
gfortran -I. -O3 -march=native -Jbuild/mod -Ibuild/mod -c -o build/obj/src/numerics/toolkit_mod.o src/numerics/toolkit_mod.f90
gfortran -I. -O3 -march=native -Jbuild/mod -Ibuild/mod -c -o build/obj/src/diagnostics/ope_eq_mod.o src/diagnostics/ope_eq_mod.f90
gfortran -I. -O3 -march=native -Jbuild/mod -Ibuild/mod -c -o build/obj/src/theory/rotational_law_mod.o src/theory/rotational_law_mod.f90
gfortran -I. -O3 -march=native -Jbuild/mod -Ibuild/mod -c -o build/obj/src/compat/miscellaneous_mod.o src/compat/miscellaneous_mod.f90
gfortran -I. -O3 -march=native -Jbuild/mod -Ibuild/mod -c -o build/obj/src/theory/spin_derivatives_mod.o src/theory/spin_derivatives_mod.f90
gfortran -I. -O3 -march=native -Jbuild/mod -Ibuild/mod -c -o build/obj/src/theory/spin_workspace_mod.o src/theory/spin_workspace_mod.f90
gfortran -I. -O3 -march=native -Jbuild/mod -Ibuild/mod -c -o build/obj/src/eos/eos_mod.o src/eos/eos_mod.f90
gfortran -I. -O3 -march=native -Jbuild/mod -Ibuild/mod -c -o build/obj/src/grid/grid_mod.o src/grid/grid_mod.f90
gfortran -I. -O3 -march=native -Jbuild/mod -Ibuild/mod -c -o build/obj/src/compat/regrid_mod.o src/compat/regrid_mod.f90
gfortran -I. -O3 -march=native -Jbuild/mod -Ibuild/mod -c -o build/obj/src/theory/spin_relaxation_mod.o src/theory/spin_relaxation_mod.f90
gfortran -I. -O3 -march=native -Jbuild/mod -Ibuild/mod -c -o build/obj/src/diagnostics/constraint_mod.o src/diagnostics/constraint_mod.f90
gfortran -I. -O3 -march=native -Jbuild/mod -Ibuild/mod -c -o build/obj/src/diagnostics/exporter_mod.o src/diagnostics/exporter_mod.f90
gfortran -I. -O3 -march=native -Jbuild/mod -Ibuild/mod -c -o build/obj/src/compat/set_disk.o src/compat/set_disk.f90
gfortran -I. -O3 -march=native -Jbuild/mod -Ibuild/mod -c -o build/obj/src/theory/spin_updates_mod.o src/theory/spin_updates_mod.f90
gfortran -I. -O3 -march=native -Jbuild/mod -Ibuild/mod -c -o build/obj/src/compat/sphere_mod.o src/compat/sphere_mod.f90
gfortran -I. -O3 -march=native -Jbuild/mod -Ibuild/mod -c -o build/obj/src/diagnostics/analysis_mod.o src/diagnostics/analysis_mod.f90
gfortran -I. -O3 -march=native -Jbuild/mod -Ibuild/mod -c -o build/obj/src/theory/spin_integration_mod.o src/theory/spin_integration_mod.f90
gfortran -I. -O3 -march=native -Jbuild/mod -Ibuild/mod -c -o build/obj/src/theory/rotation_solver_mod.o src/theory/rotation_solver_mod.f90
gfortran -I. -O3 -march=native -Jbuild/mod -Ibuild/mod -c -o build/obj/src/solver/shoot_solver_2d_mod.o src/solver/shoot_solver_2d_mod.f90
gfortran -I. -O3 -march=native -Jbuild/mod -Ibuild/mod -c -o build/obj/src/solver/shoot_solver_1d_hc_mod.o src/solver/shoot_solver_1d_hc_mod.f90
gfortran -I. -O3 -march=native -Jbuild/mod -Ibuild/mod -c -o build/obj/src/solver/scalar_burning_mod.o src/solver/scalar_burning_mod.f90
gfortran -I. -O3 -march=native -Jbuild/mod -Ibuild/mod -c -o build/obj/src/solver/shoot_solver_1d_r_ratio_mod.o src/solver/shoot_solver_1d_r_ratio_mod.f90
gfortran -I. -O3 -march=native -Jbuild/mod -Ibuild/mod -c -o build/obj/src/solver/starting_model_mod.o src/solver/starting_model_mod.f90
gfortran -I. -O3 -march=native -Jbuild/mod -Ibuild/mod -c -o build/obj/src/solver/MRcurve_mod.o src/solver/MRcurve_mod.f90
gfortran -I. -O3 -march=native -Jbuild/mod -Ibuild/mod -c -o build/obj/src/solver/shoot_mod.o src/solver/shoot_mod.f90
gfortran -I. -O3 -march=native -Jbuild/mod -Ibuild/mod -c -o build/obj/src/main.o src/main.f90
gfortran -Wl,-stack_size,0x4000000 -o build/bin/a.out build/obj/src/macros/precision_mod.o build/obj/src/macros/constants_mod.o build/obj/src/macros/grid_config_mod.o build/obj/src/numerics/ad_mod.o build/obj/src/numerics/nag_compat_mod.o build/obj/src/numerics/brent_mod.o build/obj/src/numerics/cheb_mod.o build/obj/src/numerics/spline_mod.o build/obj/src/numerics/spectral_hub_mod.o build/obj/src/numerics/toolkit_mod.o build/obj/src/para_panel.o build/obj/src/eos/eos_mod.o build/obj/src/grid/grid_mod.o build/obj/src/diagnostics/ope_eq_mod.o build/obj/src/diagnostics/constraint_mod.o build/obj/src/diagnostics/donutization_mod.o build/obj/src/diagnostics/exporter_mod.o build/obj/src/diagnostics/analysis_mod.o build/obj/src/compat/miscellaneous_mod.o build/obj/src/compat/set_disk.o build/obj/src/compat/sphere_mod.o build/obj/src/compat/regrid_mod.o build/obj/src/theory/relaxation_mod.o build/obj/src/theory/rotational_law_mod.o build/obj/src/theory/spin_derivatives_mod.o build/obj/src/theory/spin_updates_mod.o build/obj/src/theory/spin_workspace_mod.o build/obj/src/theory/spin_integration_mod.o build/obj/src/theory/spin_relaxation_mod.o build/obj/src/theory/rotation_solver_mod.o build/obj/src/solver/shoot_solver_2d_mod.o build/obj/src/solver/shoot_solver_1d_hc_mod.o build/obj/src/solver/shoot_solver_1d_r_ratio_mod.o build/obj/src/solver/scalar_burning_mod.o build/obj/src/solver/starting_model_mod.o build/obj/src/solver/shoot_mod.o build/obj/src/solver/MRcurve_mod.o build/obj/src/main.o -llapack -lblas -L/opt/homebrew/Cellar/fftw/3.3.10_3/lib -lfftw3
